
== 参考
《link:https://tech.meituan.com/2020/11/12/java-9-cms-gc.html[Java中9种常见的CMS GC问题分析与解决]》

== 简述
CMS: 以获取最短回收停顿时间为目标，采用“标记-清除”算法，分 4 大步进行垃圾收集，其中初始标记和重新标记会 STW ，多数应用于互联网站或者 B/S 系统的服务器端上，JDK9 被标记弃用，JDK14 被删除。

CMS GC 共分为 Background 和 Foreground 两种模式，前者就是我们常规理解中的并发收集，可以不影响正常的业务线程运行，但 Foreground Collector 却有很大的差异，他会进行一次压缩式 GC。此压缩式 GC 使用的是跟 Serial Old GC 一样的 Lisp2 算法，其使用 Mark-Compact 来做 Full GC，一般称之为 MSC（Mark-Sweep-Compact），它收集的范围是 Java 堆的 Young 区和 Old 区以及 MetaSpace。由上面的算法章节中我们知道 compact 的代价是巨大的，那么使用 Foreground Collector 时将会带来非常长的 STW。


##  示例 gc 日志

[source,shell]
----
[2023-11-22T14:50:38.391+0800] Using Concurrent Mark Sweep
[2023-11-22T14:50:43.629+0800] GC(0) Pause Young (Allocation Failure) 2560M->42M(11444M) 42.846ms

[2023-11-22T14:53:19.335+0800] GC(6) Pause Young (GCLocker Initiated GC) 3038M->667M(11444M) 334.482ms

[2023-11-23T01:40:56.367+0800] GC(1251) Pause Initial Mark 6572M->6572M(11444M) 10.155ms
[2023-11-23T01:40:56.367+0800] GC(1251) Concurrent Mark
[2023-11-23T01:40:57.376+0800] GC(1251) Concurrent Mark 1008.857ms
[2023-11-23T01:40:57.376+0800] GC(1251) Concurrent Preclean
[2023-11-23T01:40:57.459+0800] GC(1251) Concurrent Preclean 82.539ms
[2023-11-23T01:40:57.459+0800] GC(1251) Concurrent Abortable Preclean
[2023-11-23T01:41:02.485+0800] GC(1251) Concurrent Abortable Preclean 5026.109ms
[2023-11-23T01:41:02.538+0800] GC(1252) Pause Young (CMS Final Remark) 6756M->6577M(11444M) 50.020ms
[2023-11-23T01:41:03.020+0800] GC(1251) Pause Remark 6756M->6577M(11444M) 531.487ms
[2023-11-23T01:41:03.020+0800] GC(1251) Concurrent Sweep
[2023-11-23T01:41:06.663+0800] GC(1251) Concurrent Sweep 3642.334ms
[2023-11-23T01:41:06.663+0800] GC(1251) Concurrent Reset
[2023-11-23T01:41:06.750+0800] GC(1251) Concurrent Reset 86.882ms

[2023-11-23T03:15:52.969+0800] GC(1298) Pause Young (System.gc()) 5129M->3479M(11444M) 31.356ms

[2025-07-01T22:51:11.226+0800] GC(503) Pause Young (Allocation Failure) 18558M->10040M(23722M) 51.344ms

[2023-11-17T08:31:03.494+0800] GC(3237) Pause Full (Allocation Failure) 8412M->5525M(11444M) 17645.115ms

[2023-12-08T20:06:15.684+0800] GC(1373) Pause Initial Mark 11211M->11211M(11444M) 257.570ms
[2023-12-08T20:06:15.685+0800] GC(1373) Concurrent Mark
[2023-12-08T20:06:18.226+0800] GC(1373) Concurrent Mark 2541.415ms
----


== JVM 参数

[source,shell]
----
-XX:ParallelGCThreads=16
-Xms24g
-Xmx24g
-Xmn10g
-XX:MetaspaceSize=3072m
-XX:MaxMetaspaceSize=3072m
-XX:SurvivorRatio=10
-XX:ReservedCodeCacheSize=768m

NewRatio

-XX:ConcGCThreads=16
-XX:+ExplicitGCInvokesConcurrent


-XX:+UseConcMarkSweepGC                     # 启用CMS GC

-XX:CMSMaxAbortablePrecleanTime=5000
-XX:+CMSClassUnloadingEnabled
-XX:+UseCMSInitiatingOccupancyOnly
-XX:CMSInitiatingOccupancyFraction=75
-XX:+CMSScavengeBeforeRemark

----



