



https://blog.csdn.net/a250029634/article/details/129914359[（JVM学习05）垃圾收集器G1&ZGC详解]



* 将JVM内存分成独立的区（region）
* 每个区 可能是Eden/Survivor/Old/Humongous , 且其类型可能会相互转换

//-

G1收集器一次GC(主要值Mixed GC)的运作过程大致分为以下几个步骤：

* 初始标记（initial mark，STW）：暂停所有的其他线程，并记录下gc roots直接能引用的对象，速度很快 ；
* 并发标记（Concurrent Marking）：同CMS的并发标记
* 最终标记（Remark，STW）：同CMS的重新标记
* 筛选回收（Cleanup，STW）： 选回收阶段首先对各个Region的回收价值和成本进行排序,
根据用户所期望的GC停顿STW时间(可以用JVM参数 -XX:MaxGCPauseMillis指定)来制定回收计划,
回收算法主要用的是复制算法，将一个region中的存活对象复制到另一个region中，这种不会像CMS那样回收完因为有很多内存碎片还需要整理一次，G1采用复制算法回收几乎不会有太多内存碎片



## G1 参数

[source,shell]
----
-XX:+UseG1GC                # 使用G1收集器
-XX:ParallelGCThreads       # 指定GC工作的线程数量
-XX:G1HeapRegionSize        # 指定分区大小(1MB~32MB，且必须是2的N次幂)，默认将整堆划分为2048个分区
-XX:MaxGCPauseMillis        # 目标暂停时间(默认200ms)
-XX:G1NewSizePercent        # 新生代内存初始空间(默认整堆5%，值配置整数，默认就是百分比)
-XX:G1MaxNewSizePercent     # 新生代内存最大空间
-XX:TargetSurvivorRatio     # Survivor区的填充容量(默认50%)，Survivor区域里的一批对象(年龄1+年龄2+年龄n的多个年龄对象)总和超过了Survivor区域的50%，此时就会把年龄n(含)以上的对象都放入老年代
-XX:MaxTenuringThreshold    # 最大年龄阈值(默认15)， 即 Survivor 区中 年龄超过该数值的将移入
-XX:InitiatingHeapOccupancyPercent
                            # 老年代占用空间达到整堆内存阈值(默认45%)，则执行新生代和老年代的混合收集(MixedGC)，
                            # 比如我们之前说的堆默认有2048个region，如果有接近1000个region都是老年代的region，则可能就要触发MixedGC了
-XX:G1MixedGCLiveThresholdPercent
                            # (默认85%) region中的存活对象低于这个值时才会回收该region，如果超过这个值，存活对象过多，回收的的意义不大。
-XX:G1MixedGCCountTarget    # 在一次回收过程中指定做几次筛选回收(默认8次)，在最后一个筛选回收阶段可以回收一会，
                            # 然后暂停回收，恢复系统运行，一会再开始回收，这样可以让系统不至于单次停顿时间过长。
-XX:G1HeapWastePercent      # (默认5%): gc过程中空出来的region是否充足阈值，在混合回收的时候，对Region回收都是基于复制算法进行的，
                            # 都是把要回收的Region里的存活对象放入其他Region，然后这个Region中的垃圾对象全部清理掉，
                            # 这样的话在回收过程就会不断空出来新的Region，一旦空闲出来的Region数量达到了堆内存的5%，此时就会立即停止混合回收，意味着本次混合回收就结束了
----

## G1垃圾收集分类

### YoungGC
### MixedGC
### Full GC


## 示例gc日志

[source,shell]
----
[2023-12-05T14:48:03.821+0800] Using G1
[2023-12-05T14:48:03.852+0800] Periodic GC disabled
[2023-12-05T14:48:07.092+0800] GC(0) Pause Young (Normal) (G1 Evacuation Pause) 480M->39M(9728M) 17.326ms

[2023-12-05T14:52:13.862+0800] GC(68) Pause Young (Normal) (GCLocker Initiated GC) 5760M->2711M(9728M) 55.279ms

[2023-12-05T15:15:53.309+0800] GC(139) Pause Young (Concurrent Start) (G1 Evacuation Pause) 7427M->4450M(9728M) 45.053ms
[2023-12-05T15:15:53.309+0800] GC(140) Concurrent Cycle
[2023-12-05T15:15:54.342+0800] GC(140) Pause Remark 4645M->4373M(9728M) 138.091ms
[2023-12-05T15:15:55.409+0800] GC(140) Pause Cleanup 4684M->4684M(9728M) 0.514ms
[2023-12-05T15:15:55.442+0800] GC(140) Concurrent Cycle 2132.858ms

[2023-12-05T15:38:31.862+0800] GC(248) Pause Young (Concurrent Start) (G1 Humongous Allocation) 5697M->4550M(9728M) 37.659ms
[2023-12-05T15:38:31.862+0800] GC(249) Concurrent Cycle
[2023-12-05T15:38:33.054+0800] GC(249) Pause Remark 5192M->5192M(9728M) 124.553ms
[2023-12-05T15:38:33.717+0800] GC(249) Pause Cleanup 5425M->5425M(9728M) 0.254ms
[2023-12-05T15:38:33.733+0800] GC(249) Concurrent Cycle 1871.484ms
[2023-12-05T15:38:41.876+0800] GC(250) Pause Young (Prepare Mixed) (G1 Evacuation Pause) 7430M->4401M(9728M) 42.179ms
[2023-12-05T15:38:43.614+0800] GC(251) Pause Young (Mixed) (G1 Evacuation Pause) 4817M->4225M(9728M) 31.965ms
----
